export const snapshot = {};

snapshot[`list > anilist 1`] = `
{
  "manifest": {
    "author": "Fable",
    "id": "anilist",
    "title": "Animanga",
    "description": "A pack containing over 100K of anime and manga characters."
  },
  "_id": "_"
}
`;
